// Jest Snapshot v1, https://goo.gl/fbAQLP

exports[`state should... 1`] = `
Object {
  "files": Array [],
}
`;
